src/components/flow/nodes/OperatorNode.vue(76,8): error TS2307: Cannot find module '../../config/operatorSchema' or its corresponding type declarations.
src/components/flow/nodes/OperatorNode.vue(171,37): error TS7006: Parameter 'o' implicitly has an 'any' type.
src/components/flow/PropertyPanel.vue(52,16): error TS2322: Type 'string | number | boolean' is not assignable to type 'PropertyKey | undefined'.
  Type 'false' is not assignable to type 'PropertyKey | undefined'.
