  Determining projects to restore...
  All projects are up-to-date for restore.
  Acme.Product.Contracts -> C:\Users\11234\Desktop\ClearVision\Acme.Product\src\Acme.Product.Contracts\bin\Debug\net8.0\Acme.Product.Contracts.dll
  Acme.Product.Core -> C:\Users\11234\Desktop\ClearVision\Acme.Product\src\Acme.Product.Core\bin\Debug\net8.0\Acme.Product.Core.dll
  Acme.Product.Application -> C:\Users\11234\Desktop\ClearVision\Acme.Product\src\Acme.Product.Application\bin\Debug\net8.0\Acme.Product.Application.dll
C:\Users\11234\Desktop\ClearVision\Acme.Product\src\Acme.PlcComm\Core\PlcBaseClient.cs(60,51): warning CS0067: The event 'PlcBaseClient.ErrorOccurred' is never used [C:\Users\11234\Desktop\ClearVision\Acme.Product\src\Acme.PlcComm\Acme.PlcComm.csproj]
  Acme.PlcComm -> C:\Users\11234\Desktop\ClearVision\Acme.Product\src\Acme.PlcComm\bin\Debug\net8.0\Acme.PlcComm.dll
C:\Users\11234\Desktop\ClearVision\Acme.Product\src\Acme.Product.Infrastructure\Utilities\ImageStreamUtility.cs(75,26): warning CS0168: The variable 'ex' is declared but never used [C:\Users\11234\Desktop\ClearVision\Acme.Product\src\Acme.Product.Infrastructure\Acme.Product.Infrastructure.csproj]
C:\Users\11234\Desktop\ClearVision\Acme.Product\src\Acme.Product.Infrastructure\Utilities\ImageStreamUtility.cs(128,26): warning CS0168: The variable 'ex' is declared but never used [C:\Users\11234\Desktop\ClearVision\Acme.Product\src\Acme.Product.Infrastructure\Acme.Product.Infrastructure.csproj]
C:\Users\11234\Desktop\ClearVision\Acme.Product\src\Acme.Product.Infrastructure\Operators\ConditionalBranchOperator.cs(62,35): warning CS8625: Cannot convert null literal to non-nullable reference type. [C:\Users\11234\Desktop\ClearVision\Acme.Product\src\Acme.Product.Infrastructure\Acme.Product.Infrastructure.csproj]
C:\Users\11234\Desktop\ClearVision\Acme.Product\src\Acme.Product.Infrastructure\Operators\ConditionalBranchOperator.cs(66,34): warning CS8625: Cannot convert null literal to non-nullable reference type. [C:\Users\11234\Desktop\ClearVision\Acme.Product\src\Acme.Product.Infrastructure\Acme.Product.Infrastructure.csproj]
C:\Users\11234\Desktop\ClearVision\Acme.Product\src\Acme.Product.Infrastructure\Operators\OperatorBase.cs(140,24): warning CS8603: Possible null reference return. [C:\Users\11234\Desktop\ClearVision\Acme.Product\src\Acme.Product.Infrastructure\Acme.Product.Infrastructure.csproj]
C:\Users\11234\Desktop\ClearVision\Acme.Product\src\Acme.Product.Infrastructure\Operators\CodeRecognitionOperator.cs(130,16): warning CA1416: This call site is reachable on all platforms. 'Bitmap' is only supported on: 'windows' 6.1 and later. (https://learn.microsoft.com/dotnet/fundamentals/code-analysis/quality-rules/ca1416) [C:\Users\11234\Desktop\ClearVision\Acme.Product\src\Acme.Product.Infrastructure\Acme.Product.Infrastructure.csproj]
C:\Users\11234\Desktop\ClearVision\Acme.Product\src\Acme.Product.Infrastructure\Operators\CodeRecognitionOperator.cs(51,53): warning CA1416: This call site is reachable on all platforms. 'Image.Height' is only supported on: 'windows' 6.1 and later. (https://learn.microsoft.com/dotnet/fundamentals/code-analysis/quality-rules/ca1416) [C:\Users\11234\Desktop\ClearVision\Acme.Product\src\Acme.Product.Infrastructure\Acme.Product.Infrastructure.csproj]
C:\Users\11234\Desktop\ClearVision\Acme.Product\src\Acme.Product.Infrastructure\Operators\CodeRecognitionOperator.cs(52,33): warning CA1416: This call site is reachable on all platforms. 'Image.Height' is only supported on: 'windows' 6.1 and later. (https://learn.microsoft.com/dotnet/fundamentals/code-analysis/quality-rules/ca1416) [C:\Users\11234\Desktop\ClearVision\Acme.Product\src\Acme.Product.Infrastructure\Acme.Product.Infrastructure.csproj]
C:\Users\11234\Desktop\ClearVision\Acme.Product\src\Acme.Product.Infrastructure\Operators\CodeRecognitionOperator.cs(48,22): warning CA1416: This call site is reachable on all platforms. 'Bitmap' is only supported on: 'windows' 6.1 and later. (https://learn.microsoft.com/dotnet/fundamentals/code-analysis/quality-rules/ca1416) [C:\Users\11234\Desktop\ClearVision\Acme.Product\src\Acme.Product.Infrastructure\Acme.Product.Infrastructure.csproj]
C:\Users\11234\Desktop\ClearVision\Acme.Product\src\Acme.Product.Infrastructure\Operators\CodeRecognitionOperator.cs(51,38): warning CA1416: This call site is reachable on all platforms. 'Image.Width' is only supported on: 'windows' 6.1 and later. (https://learn.microsoft.com/dotnet/fundamentals/code-analysis/quality-rules/ca1416) [C:\Users\11234\Desktop\ClearVision\Acme.Product\src\Acme.Product.Infrastructure\Acme.Product.Infrastructure.csproj]
C:\Users\11234\Desktop\ClearVision\Acme.Product\src\Acme.Product.Infrastructure\Operators\CodeRecognitionOperator.cs(76,23): warning CA1416: This call site is reachable on all platforms. 'Bitmap' is only supported on: 'windows' 6.1 and later. (https://learn.microsoft.com/dotnet/fundamentals/code-analysis/quality-rules/ca1416) [C:\Users\11234\Desktop\ClearVision\Acme.Product\src\Acme.Product.Infrastructure\Acme.Product.Infrastructure.csproj]
C:\Users\11234\Desktop\ClearVision\Acme.Product\src\Acme.Product.Infrastructure\Operators\CodeRecognitionOperator.cs(60,68): warning CA1416: This call site is reachable on all platforms. 'Image.Height' is only supported on: 'windows' 6.1 and later. (https://learn.microsoft.com/dotnet/fundamentals/code-analysis/quality-rules/ca1416) [C:\Users\11234\Desktop\ClearVision\Acme.Product\src\Acme.Product.Infrastructure\Acme.Product.Infrastructure.csproj]
C:\Users\11234\Desktop\ClearVision\Acme.Product\src\Acme.Product.Infrastructure\Operators\CodeRecognitionOperator.cs(57,35): warning CA1416: This call site is reachable on all platforms. 'Image.Width' is only supported on: 'windows' 6.1 and later. (https://learn.microsoft.com/dotnet/fundamentals/code-analysis/quality-rules/ca1416) [C:\Users\11234\Desktop\ClearVision\Acme.Product\src\Acme.Product.Infrastructure\Acme.Product.Infrastructure.csproj]
C:\Users\11234\Desktop\ClearVision\Acme.Product\src\Acme.Product.Infrastructure\Operators\CodeRecognitionOperator.cs(56,33): warning CA1416: This call site is reachable on all platforms. 'Bitmap.GetPixel(int, int)' is only supported on: 'windows' 6.1 and later. (https://learn.microsoft.com/dotnet/fundamentals/code-analysis/quality-rules/ca1416) [C:\Users\11234\Desktop\ClearVision\Acme.Product\src\Acme.Product.Infrastructure\Acme.Product.Infrastructure.csproj]
C:\Users\11234\Desktop\ClearVision\Acme.Product\src\Acme.Product.Infrastructure\Operators\CodeRecognitionOperator.cs(54,37): warning CA1416: This call site is reachable on all platforms. 'Image.Width' is only supported on: 'windows' 6.1 and later. (https://learn.microsoft.com/dotnet/fundamentals/code-analysis/quality-rules/ca1416) [C:\Users\11234\Desktop\ClearVision\Acme.Product\src\Acme.Product.Infrastructure\Acme.Product.Infrastructure.csproj]
C:\Users\11234\Desktop\ClearVision\Acme.Product\src\Acme.Product.Infrastructure\Operators\CodeRecognitionOperator.cs(60,54): warning CA1416: This call site is reachable on all platforms. 'Image.Width' is only supported on: 'windows' 6.1 and later. (https://learn.microsoft.com/dotnet/fundamentals/code-analysis/quality-rules/ca1416) [C:\Users\11234\Desktop\ClearVision\Acme.Product\src\Acme.Product.Infrastructure\Acme.Product.Infrastructure.csproj]
  Acme.Product.Infrastructure -> C:\Users\11234\Desktop\ClearVision\Acme.Product\src\Acme.Product.Infrastructure\bin\Debug\net8.0\Acme.Product.Infrastructure.dll
CSC : warning WFAC010: Remove high DPI settings from C:\Users\11234\Desktop\ClearVision\Acme.Product\src\Acme.Product.Desktop\app.manifest and configure via Application.SetHighDpiMode API or 'ApplicationHighDpiMode' project property [C:\Users\11234\Desktop\ClearVision\Acme.Product\src\Acme.Product.Desktop\Acme.Product.Desktop.csproj]
C:\Users\11234\Desktop\ClearVision\Acme.Product\src\Acme.Product.Desktop\WebView2Host.cs(278,35): warning IL3000: 'System.Reflection.Assembly.Location' always returns an empty string for assemblies embedded in a single-file app. If the path to the app directory is needed, consider calling 'System.AppContext.BaseDirectory'. [C:\Users\11234\Desktop\ClearVision\Acme.Product\src\Acme.Product.Desktop\Acme.Product.Desktop.csproj]
C:\Users\11234\Desktop\ClearVision\Acme.Product\src\Acme.Product.Desktop\WebView2Host.cs(288,35): warning IL3000: 'System.Reflection.Assembly.Location' always returns an empty string for assemblies embedded in a single-file app. If the path to the app directory is needed, consider calling 'System.AppContext.BaseDirectory'. [C:\Users\11234\Desktop\ClearVision\Acme.Product\src\Acme.Product.Desktop\Acme.Product.Desktop.csproj]
  Acme.Product.Desktop -> C:\Users\11234\Desktop\ClearVision\Acme.Product\src\Acme.Product.Desktop\bin\Debug\net8.0-windows\win-x64\Acme.Product.Desktop.dll

Build succeeded.

C:\Users\11234\Desktop\ClearVision\Acme.Product\src\Acme.PlcComm\Core\PlcBaseClient.cs(60,51): warning CS0067: The event 'PlcBaseClient.ErrorOccurred' is never used [C:\Users\11234\Desktop\ClearVision\Acme.Product\src\Acme.PlcComm\Acme.PlcComm.csproj]
C:\Users\11234\Desktop\ClearVision\Acme.Product\src\Acme.Product.Infrastructure\Utilities\ImageStreamUtility.cs(75,26): warning CS0168: The variable 'ex' is declared but never used [C:\Users\11234\Desktop\ClearVision\Acme.Product\src\Acme.Product.Infrastructure\Acme.Product.Infrastructure.csproj]
C:\Users\11234\Desktop\ClearVision\Acme.Product\src\Acme.Product.Infrastructure\Utilities\ImageStreamUtility.cs(128,26): warning CS0168: The variable 'ex' is declared but never used [C:\Users\11234\Desktop\ClearVision\Acme.Product\src\Acme.Product.Infrastructure\Acme.Product.Infrastructure.csproj]
C:\Users\11234\Desktop\ClearVision\Acme.Product\src\Acme.Product.Infrastructure\Operators\ConditionalBranchOperator.cs(62,35): warning CS8625: Cannot convert null literal to non-nullable reference type. [C:\Users\11234\Desktop\ClearVision\Acme.Product\src\Acme.Product.Infrastructure\Acme.Product.Infrastructure.csproj]
C:\Users\11234\Desktop\ClearVision\Acme.Product\src\Acme.Product.Infrastructure\Operators\ConditionalBranchOperator.cs(66,34): warning CS8625: Cannot convert null literal to non-nullable reference type. [C:\Users\11234\Desktop\ClearVision\Acme.Product\src\Acme.Product.Infrastructure\Acme.Product.Infrastructure.csproj]
C:\Users\11234\Desktop\ClearVision\Acme.Product\src\Acme.Product.Infrastructure\Operators\OperatorBase.cs(140,24): warning CS8603: Possible null reference return. [C:\Users\11234\Desktop\ClearVision\Acme.Product\src\Acme.Product.Infrastructure\Acme.Product.Infrastructure.csproj]
C:\Users\11234\Desktop\ClearVision\Acme.Product\src\Acme.Product.Infrastructure\Operators\CodeRecognitionOperator.cs(130,16): warning CA1416: This call site is reachable on all platforms. 'Bitmap' is only supported on: 'windows' 6.1 and later. (https://learn.microsoft.com/dotnet/fundamentals/code-analysis/quality-rules/ca1416) [C:\Users\11234\Desktop\ClearVision\Acme.Product\src\Acme.Product.Infrastructure\Acme.Product.Infrastructure.csproj]
C:\Users\11234\Desktop\ClearVision\Acme.Product\src\Acme.Product.Infrastructure\Operators\CodeRecognitionOperator.cs(51,53): warning CA1416: This call site is reachable on all platforms. 'Image.Height' is only supported on: 'windows' 6.1 and later. (https://learn.microsoft.com/dotnet/fundamentals/code-analysis/quality-rules/ca1416) [C:\Users\11234\Desktop\ClearVision\Acme.Product\src\Acme.Product.Infrastructure\Acme.Product.Infrastructure.csproj]
C:\Users\11234\Desktop\ClearVision\Acme.Product\src\Acme.Product.Infrastructure\Operators\CodeRecognitionOperator.cs(52,33): warning CA1416: This call site is reachable on all platforms. 'Image.Height' is only supported on: 'windows' 6.1 and later. (https://learn.microsoft.com/dotnet/fundamentals/code-analysis/quality-rules/ca1416) [C:\Users\11234\Desktop\ClearVision\Acme.Product\src\Acme.Product.Infrastructure\Acme.Product.Infrastructure.csproj]
C:\Users\11234\Desktop\ClearVision\Acme.Product\src\Acme.Product.Infrastructure\Operators\CodeRecognitionOperator.cs(48,22): warning CA1416: This call site is reachable on all platforms. 'Bitmap' is only supported on: 'windows' 6.1 and later. (https://learn.microsoft.com/dotnet/fundamentals/code-analysis/quality-rules/ca1416) [C:\Users\11234\Desktop\ClearVision\Acme.Product\src\Acme.Product.Infrastructure\Acme.Product.Infrastructure.csproj]
C:\Users\11234\Desktop\ClearVision\Acme.Product\src\Acme.Product.Infrastructure\Operators\CodeRecognitionOperator.cs(51,38): warning CA1416: This call site is reachable on all platforms. 'Image.Width' is only supported on: 'windows' 6.1 and later. (https://learn.microsoft.com/dotnet/fundamentals/code-analysis/quality-rules/ca1416) [C:\Users\11234\Desktop\ClearVision\Acme.Product\src\Acme.Product.Infrastructure\Acme.Product.Infrastructure.csproj]
C:\Users\11234\Desktop\ClearVision\Acme.Product\src\Acme.Product.Infrastructure\Operators\CodeRecognitionOperator.cs(76,23): warning CA1416: This call site is reachable on all platforms. 'Bitmap' is only supported on: 'windows' 6.1 and later. (https://learn.microsoft.com/dotnet/fundamentals/code-analysis/quality-rules/ca1416) [C:\Users\11234\Desktop\ClearVision\Acme.Product\src\Acme.Product.Infrastructure\Acme.Product.Infrastructure.csproj]
C:\Users\11234\Desktop\ClearVision\Acme.Product\src\Acme.Product.Infrastructure\Operators\CodeRecognitionOperator.cs(60,68): warning CA1416: This call site is reachable on all platforms. 'Image.Height' is only supported on: 'windows' 6.1 and later. (https://learn.microsoft.com/dotnet/fundamentals/code-analysis/quality-rules/ca1416) [C:\Users\11234\Desktop\ClearVision\Acme.Product\src\Acme.Product.Infrastructure\Acme.Product.Infrastructure.csproj]
C:\Users\11234\Desktop\ClearVision\Acme.Product\src\Acme.Product.Infrastructure\Operators\CodeRecognitionOperator.cs(57,35): warning CA1416: This call site is reachable on all platforms. 'Image.Width' is only supported on: 'windows' 6.1 and later. (https://learn.microsoft.com/dotnet/fundamentals/code-analysis/quality-rules/ca1416) [C:\Users\11234\Desktop\ClearVision\Acme.Product\src\Acme.Product.Infrastructure\Acme.Product.Infrastructure.csproj]
C:\Users\11234\Desktop\ClearVision\Acme.Product\src\Acme.Product.Infrastructure\Operators\CodeRecognitionOperator.cs(56,33): warning CA1416: This call site is reachable on all platforms. 'Bitmap.GetPixel(int, int)' is only supported on: 'windows' 6.1 and later. (https://learn.microsoft.com/dotnet/fundamentals/code-analysis/quality-rules/ca1416) [C:\Users\11234\Desktop\ClearVision\Acme.Product\src\Acme.Product.Infrastructure\Acme.Product.Infrastructure.csproj]
C:\Users\11234\Desktop\ClearVision\Acme.Product\src\Acme.Product.Infrastructure\Operators\CodeRecognitionOperator.cs(54,37): warning CA1416: This call site is reachable on all platforms. 'Image.Width' is only supported on: 'windows' 6.1 and later. (https://learn.microsoft.com/dotnet/fundamentals/code-analysis/quality-rules/ca1416) [C:\Users\11234\Desktop\ClearVision\Acme.Product\src\Acme.Product.Infrastructure\Acme.Product.Infrastructure.csproj]
C:\Users\11234\Desktop\ClearVision\Acme.Product\src\Acme.Product.Infrastructure\Operators\CodeRecognitionOperator.cs(60,54): warning CA1416: This call site is reachable on all platforms. 'Image.Width' is only supported on: 'windows' 6.1 and later. (https://learn.microsoft.com/dotnet/fundamentals/code-analysis/quality-rules/ca1416) [C:\Users\11234\Desktop\ClearVision\Acme.Product\src\Acme.Product.Infrastructure\Acme.Product.Infrastructure.csproj]
CSC : warning WFAC010: Remove high DPI settings from C:\Users\11234\Desktop\ClearVision\Acme.Product\src\Acme.Product.Desktop\app.manifest and configure via Application.SetHighDpiMode API or 'ApplicationHighDpiMode' project property [C:\Users\11234\Desktop\ClearVision\Acme.Product\src\Acme.Product.Desktop\Acme.Product.Desktop.csproj]
C:\Users\11234\Desktop\ClearVision\Acme.Product\src\Acme.Product.Desktop\WebView2Host.cs(278,35): warning IL3000: 'System.Reflection.Assembly.Location' always returns an empty string for assemblies embedded in a single-file app. If the path to the app directory is needed, consider calling 'System.AppContext.BaseDirectory'. [C:\Users\11234\Desktop\ClearVision\Acme.Product\src\Acme.Product.Desktop\Acme.Product.Desktop.csproj]
C:\Users\11234\Desktop\ClearVision\Acme.Product\src\Acme.Product.Desktop\WebView2Host.cs(288,35): warning IL3000: 'System.Reflection.Assembly.Location' always returns an empty string for assemblies embedded in a single-file app. If the path to the app directory is needed, consider calling 'System.AppContext.BaseDirectory'. [C:\Users\11234\Desktop\ClearVision\Acme.Product\src\Acme.Product.Desktop\Acme.Product.Desktop.csproj]
    20 Warning(s)
    0 Error(s)

Time Elapsed 00:00:04.92
