Acme.Product.Tests.ImageProcessing.LineModShapeMatcherTests.Match_WithSameImage_ShouldFindHighScoreMatch
Acme.Product.Tests.ImageProcessing.LineModShapeMatcherTests.Match_WithThreshold_ShouldFilterResults
Acme.Product.Tests.ImageProcessing.LineModShapeMatcherTests.Match_WithTranslatedImage_ShouldFindMatch
Acme.Product.Tests.ImageProcessing.LineModShapeMatcherTests.Train_WithMultiplePyramidLevels_ShouldCreateCorrectHierarchy
Acme.Product.Tests.ImageProcessing.LineModShapeMatcherTests.Train_WithValidImage_ShouldExtractFeatures
Acme.Product.Tests.Integration.BasicFlowIntegrationTests.Process_SimpleBlurAndThreshold_ShouldSucceed
Acme.Product.Tests.Integration.FlowExecutionServiceIntegrationTests.ExecuteFlowAsync_3OperatorFlow_ShouldPassDataBetweenOperators
Acme.Product.Tests.Integration.FlowExecutionServiceIntegrationTests.ExecuteFlowAsync_3OperatorLinearFlow_ShouldExecuteSuccessfully
Acme.Product.Tests.Integration.FlowExecutionServiceIntegrationTests.ExecuteFlowAsync_5OperatorComplexFlow_ShouldExecuteSuccessfully
Acme.Product.Tests.Integration.FlowExecutionServiceIntegrationTests.ExecuteFlowAsync_CannyEdgeWithValidThresholds_ShouldSucceed(threshold1: 0, threshold2: 255)
Acme.Product.Tests.Integration.FlowExecutionServiceIntegrationTests.ExecuteFlowAsync_CannyEdgeWithValidThresholds_ShouldSucceed(threshold1: 100, threshold2: 200)
Acme.Product.Tests.Integration.FlowExecutionServiceIntegrationTests.ExecuteFlowAsync_CannyEdgeWithValidThresholds_ShouldSucceed(threshold1: 50, threshold2: 150)
Acme.Product.Tests.Integration.FlowExecutionServiceIntegrationTests.ExecuteFlowAsync_ComplexFlow_ShouldMaintainExecutionOrder
Acme.Product.Tests.Integration.FlowExecutionServiceIntegrationTests.ExecuteFlowAsync_GaussianBlurWithValidKernelSize_ShouldSucceed(kernelSize: 1)
Acme.Product.Tests.Integration.FlowExecutionServiceIntegrationTests.ExecuteFlowAsync_GaussianBlurWithValidKernelSize_ShouldSucceed(kernelSize: 15)
Acme.Product.Tests.Integration.FlowExecutionServiceIntegrationTests.ExecuteFlowAsync_GaussianBlurWithValidKernelSize_ShouldSucceed(kernelSize: 31)
Acme.Product.Tests.Integration.FlowExecutionServiceIntegrationTests.ExecuteFlowAsync_MultipleFlows_Concurrent
Acme.Product.Tests.Integration.FlowExecutionServiceIntegrationTests.ExecuteFlowAsync_ParallelMode_ShouldSucceed
Acme.Product.Tests.Integration.FlowExecutionServiceIntegrationTests.ExecuteFlowAsync_ShouldRecordExecutionTimeForEachOperator
Acme.Product.Tests.Memory.Sprint1_MemoryPoolTests.ImageWriter_CoW_ConcurrentAccess_ReturnsIndependentCopies
Acme.Product.Tests.Memory.Sprint1_ValueObjectTests.DetectionList_AverageConfidence_CalculatesCorrectly
Acme.Product.Tests.Operators.ConditionalBranchOperatorTests.ExecuteAsync_WithValidImage_ShouldReturnSuccess
Acme.Product.Tests.Operators.CoordinateTransformOperatorTests.ExecuteAsync_WithNullInputs_ShouldReturnFailure
Acme.Product.Tests.Operators.DatabaseWriteOperatorTests.ValidateParameters_WithEmptyConnectionString_ShouldReturnInvalid
Acme.Product.Tests.Operators.DeepLearningOperatorTests.ValidateParameters_WithVariousInputs_ShouldReturnExpectedResult(modelPath: "model.onnx", confidence: -0.100000001, version: "YOLOv8", expectedValid: False)
Acme.Product.Tests.Operators.DeepLearningOperatorTests.ValidateParameters_WithVariousInputs_ShouldReturnExpectedResult(modelPath: "model.onnx", confidence: 1.5, version: "YOLOv8", expectedValid: False)
Acme.Product.Tests.Operators.ImageAcquisitionOperatorTests.ExecuteAsync_WithEmptyInputs_ShouldReturnFailure
Acme.Product.Tests.Operators.ImageAcquisitionOperatorTests.ExecuteAsync_WithNullInputs_ShouldReturnFailure
Acme.Product.Tests.Operators.ResultOutputOperatorTests.ExecuteAsync_WithNullInputs_ShouldReturnFailure
Acme.Product.Tests.Operators.TcpCommunicationOperatorTests.ValidateParameters_WithEmptyHost_ShouldReturnInvalid
Acme.Product.Tests.Operators.UndistortOperatorTests.ExecuteAsync_WithValidImage_ShouldReturnSuccess
Acme.Product.Tests.Services.FlowExecutionServiceTests.ExecuteFlowAsync_ShouldRespectCancellation
